// Jest Snapshot v1, https://goo.gl/fbAQLP

exports[`<ManaIconsBar /> Snapshot 1`] = `
<View
  style={
    Object {
      "alignItems": "center",
      "borderColor": "rgba(0, 0, 0, 0.4)",
      "borderRadius": 3,
      "borderWidth": 1,
      "flexDirection": "row",
      "height": 40,
      "justifyContent": "space-between",
      "marginBottom": 5,
    }
  }
>
  <InputLabel
    label="label"
    onPress={[Function]}
  />
  <TouchableOpacity
    activeOpacity={0.2}
    focusedOpacity={0.7}
    onPressOut={[Function]}
  >
    <ManaSymbol
      color="black"
      style={
        Array [
          Object {
            "height": 30,
            "marginHorizontal": 5,
            "width": 30,
          },
          Object {
            "opacity": 0.25,
          },
        ]
      }
    />
  </TouchableOpacity>
  <TouchableOpacity
    activeOpacity={0.2}
    focusedOpacity={0.7}
    onPressOut={[Function]}
  >
    <ManaSymbol
      color="blue"
      style={
        Array [
          Object {
            "height": 30,
            "marginHorizontal": 5,
            "width": 30,
          },
          Object {
            "opacity": 0.25,
          },
        ]
      }
    />
  </TouchableOpacity>
  <TouchableOpacity
    activeOpacity={0.2}
    focusedOpacity={0.7}
    onPressOut={[Function]}
  >
    <ManaSymbol
      color="green"
      style={
        Array [
          Object {
            "height": 30,
            "marginHorizontal": 5,
            "width": 30,
          },
          Object {
            "opacity": 0.25,
          },
        ]
      }
    />
  </TouchableOpacity>
  <TouchableOpacity
    activeOpacity={0.2}
    focusedOpacity={0.7}
    onPressOut={[Function]}
  >
    <ManaSymbol
      color="red"
      style={
        Array [
          Object {
            "height": 30,
            "marginHorizontal": 5,
            "width": 30,
          },
          Object {
            "opacity": 0.25,
          },
        ]
      }
    />
  </TouchableOpacity>
  <TouchableOpacity
    activeOpacity={0.2}
    focusedOpacity={0.7}
    onPressOut={[Function]}
  >
    <ManaSymbol
      color="white"
      style={
        Array [
          Object {
            "height": 30,
            "marginHorizontal": 5,
            "width": 30,
          },
          Object {
            "opacity": 0.25,
          },
        ]
      }
    />
  </TouchableOpacity>
</View>
`;
