// Jest Snapshot v1, https://goo.gl/fbAQLP

exports[`<ManaSymbol /> Snapshot 1`] = `
<Image
  source={1}
  style={
    Object {
      "backgroundColor": "blue",
    }
  }
/>
`;
